Cart IDs: 27
Item: Xoài Cát Hòa Lộc (Loại 1), Price: 145000.00, Qty: 1, Subtotal: 145000, Running Total: 145000
Created OrderItem ID: 12 for Order ID: 10, Product: Xoài Cát Hòa Lộc (Loại 1)
Cart IDs: 
Cart IDs: 29
Item: Táo Envy Mỹ Size 70-80, Price: 195000.00, Qty: 2, Subtotal: 390000, Running Total: 390000
Created OrderItem ID: 14 for Order ID: 12, Product: Táo Envy Mỹ Size 70-80
Cart IDs: 30
Item: Táo Envy Mỹ Size 70-80, Price: 195000.00, Qty: 1, Subtotal: 195000, Running Total: 195000
Created OrderItem ID: 15 for Order ID: 13, Product: Táo Envy Mỹ Size 70-80
Cart IDs: 31
Item: Xoài Cát Hòa Lộc (Loại 1), Price: 145000.00, Qty: 2, Subtotal: 290000, Running Total: 290000
Created OrderItem ID: 16 for Order ID: 14, Product: Xoài Cát Hòa Lộc (Loại 1)
Cart IDs: 34
Item: Táo Envy Mỹ Size 70-80, Price: 195000.00, Qty: 46, Subtotal: 8970000, Running Total: 8970000
Created OrderItem ID: 17 for Order ID: 15, Product: Táo Envy Mỹ Size 70-80
Cart IDs: 35
Item: Nho Mẫu Đơn Nhật Bản, Price: 850000.00, Qty: 2, Subtotal: 1700000, Running Total: 1700000
Created OrderItem ID: 18 for Order ID: 16, Product: Nho Mẫu Đơn Nhật Bản
Cart IDs: 61
Item: Nho Mẫu Đơn Nhật Bản, Price: 850000.00, Qty: 1, Subtotal: 850000, Running Total: 850000
Created OrderItem ID: 32 for Order ID: 27, Product: Nho Mẫu Đơn Nhật Bản
Cart IDs: 62
Item: Xoài Cát Hòa Lộc (Loại 1), Price: 145000.00, Qty: 2, Subtotal: 290000, Running Total: 290000
Created OrderItem ID: 33 for Order ID: 28, Product: Xoài Cát Hòa Lộc (Loại 1)
Cart IDs: 63
Item: Nho Mẫu Đơn Nhật Bản, Price: 850000.00, Qty: 2, Subtotal: 1700000, Running Total: 1700000
Created OrderItem ID: 34 for Order ID: 29, Product: Nho Mẫu Đơn Nhật Bản
Cart IDs: 64
Item: Bưởi Da Xanh Bến Tre, Price: 65000.00, Qty: 2, Subtotal: 130000, Running Total: 130000
Created OrderItem ID: 35 for Order ID: 30, Product: Bưởi Da Xanh Bến Tre
Cart IDs: 65
Item: Nho Mẫu Đơn Nhật Bản, Price: 850000.00, Qty: 2, Subtotal: 1700000, Running Total: 1700000
Created OrderItem ID: 36 for Order ID: 31, Product: Nho Mẫu Đơn Nhật Bản
Cart IDs: 66
Item: Lê Hàn Quốc Premium, Price: 125000.00, Qty: 1, Subtotal: 125000, Running Total: 125000
Created OrderItem ID: 37 for Order ID: 32, Product: Lê Hàn Quốc Premium
Cart IDs: 67
Item: Bưởi Da Xanh Bến Tre, Price: 65000.00, Qty: 1, Subtotal: 65000, Running Total: 65000
Created OrderItem ID: 38 for Order ID: 33, Product: Bưởi Da Xanh Bến Tre
Cart IDs: 68
Item: Súp Lơ Xanh (Broccoli), Price: 48000.00, Qty: 1, Subtotal: 48000, Running Total: 48000
Created OrderItem ID: 39 for Order ID: 34, Product: Súp Lơ Xanh (Broccoli)
Cart IDs: 69
Item: Bưởi Da Xanh Bến Tre, Price: 65000.00, Qty: 1, Subtotal: 65000, Running Total: 65000
Created OrderItem ID: 40 for Order ID: 35, Product: Bưởi Da Xanh Bến Tre
Cart IDs: 
Cart IDs: 
Cart IDs: 70
Item: Nho Mẫu Đơn Nhật Bản, Price: 850000.00, Qty: 1, Subtotal: 850000, Running Total: 850000
Created OrderItem ID: 41 for Order ID: 36, Product: Nho Mẫu Đơn Nhật Bản
Cart IDs: 
Cart IDs: 71
Item: Nho Mẫu Đơn Nhật Bản, Price: 850000.00, Qty: 1, Subtotal: 850000, Running Total: 850000
Created OrderItem ID: 42 for Order ID: 37, Product: Nho Mẫu Đơn Nhật Bản
Cart IDs: 72
Item: Nho Mẫu Đơn Nhật Bản, Price: 850000.00, Qty: 2, Subtotal: 1700000, Running Total: 1700000
Created OrderItem ID: 43 for Order ID: 38, Product: Nho Mẫu Đơn Nhật Bản
Cart IDs: 73
Item: Nho Mẫu Đơn Nhật Bản, Price: 850000.00, Qty: 1, Subtotal: 850000, Running Total: 850000
Created OrderItem ID: 44 for Order ID: 39, Product: Nho Mẫu Đơn Nhật Bản
Cart IDs: 74
Item: Xoài Cát Hòa Lộc (Loại 1), Price: 145000.00, Qty: 1, Subtotal: 145000, Running Total: 145000
Created OrderItem ID: 45 for Order ID: 40, Product: Xoài Cát Hòa Lộc (Loại 1)
Cart IDs: 75
Item: Xoài Cát Hòa Lộc (Loại 1), Price: 145000.00, Qty: 1, Subtotal: 145000, Running Total: 145000
Created OrderItem ID: 46 for Order ID: 41, Product: Xoài Cát Hòa Lộc (Loại 1)
Cart IDs: 
Cart IDs: 
Cart IDs: 
Cart IDs: 
